ASxxxx Linker V05.00,  page 1.
Hexidecimal  [16-Bits]

Area                       Addr        Size        Decimal Bytes (Attributes)
--------------------       ----        ----        ------- ----- ------------
.  .ABS.                   0000        0000 =           0. bytes (ABS,OVR,CSEG)

         Value  Global                             Global Defined In Module
         -----  --------------------------------   ------------------------
          0000  l__DATA                         
          0000  s__DATA                         
          0000  s__CODE                         
          0000  .__.ABS.                           wordle
          0000  l_FIJA                          
          0000  s_FIJA                          
          0582  l__CODE                         

ASxxxx Linker V05.00,  page 2.
Hexidecimal  [16-Bits]
[ Bank == _CSEG ]

Area                       Addr        Size        Decimal Bytes (Attributes)
--------------------       ----        ----        ------- ----- ------------
_CODE                      0000        0582 =        1410. bytes (REL,CON,CSEG)

         Value  Global                             Global Defined In Module
         -----  --------------------------------   ------------------------
          0165  wordle                             wordle
          01A2  juego                              wordle
          01AB  pedir_palabra                      wordle
          01C8  acabar                             wordle
          0300  imprime_cadena                     subrutinaswordle
          030E  contador                           subrutinaswordle
          0328  convertir                          subrutinaswordle
          032E  incrementa_a                       subrutinaswordle
          0333  salir_bucle                        subrutinaswordle
          0339  lee_cadena_n                       subrutinaswordle
          03B7  inicio_genera                      subrutinaswordle
          03E4  comprueba                          subrutinaswordle
          0410  inicio                             subrutinaswordle
          0451  inicio2                            subrutinaswordle
          04B0  mensaje_fallo                      subrutinaswordle
          04CF  presentar_diccionario              diccionario
          04EC  palabras                           diccionario
          055F  numero_palabras                    diccionario
          056B  return_c                           diccionario

ASxxxx Linker V05.00,  page 3.

Files Linked                              [ module(s) ]

wordle.rel                                [ wordle ]
subrutinaswordle.rel                      [ subrutinaswordle ]
diccionario.rel                           [ diccionario ]


