ASxxxx Linker V05.00,  page 1.
Hexidecimal  [16-Bits]

Area                       Addr        Size        Decimal Bytes (Attributes)
--------------------       ----        ----        ------- ----- ------------
.  .ABS.                   0000        0000 =           0. bytes (ABS,OVR,CSEG)

         Value  Global                             Global Defined In Module
         -----  --------------------------------   ------------------------
          0000  l__DATA                         
          0000  s__DATA                         
          0000  s__CODE                         
          0000  .__.ABS.                           wordle
          0000  l_FIJA                          
          0000  s_FIJA                          
          0509  l__CODE                         

ASxxxx Linker V05.00,  page 2.
Hexidecimal  [16-Bits]
[ Bank == _CSEG ]

Area                       Addr        Size        Decimal Bytes (Attributes)
--------------------       ----        ----        ------- ----- ------------
_CODE                      0000        0509 =        1289. bytes (REL,CON,CSEG)

         Value  Global                             Global Defined In Module
         -----  --------------------------------   ------------------------
          0144  wordle                             wordle
          017E  juego                              wordle
          0187  pedir_palabra                      wordle
          019A  acabar                             wordle
          02C7  imprime_cadena                     subrutinaswordle
          02D5  contador                           subrutinaswordle
          02EC  convertir                          subrutinaswordle
          02F2  incrementa_a                       subrutinaswordle
          02F7  salir_bucle                        subrutinaswordle
          02FD  lee_cadena_n                       subrutinaswordle
          038D  comprueba                          subrutinaswordle
          03B9  inicio                             subrutinaswordle
          0456  presentar_diccionario              diccionario
          0473  palabras                           diccionario
          04E6  numero_palabras                    diccionario
          04F2  return_c                           diccionario
ASxxxx Linker V05.00,  page 3.

Files Linked                              [ module(s) ]

wordle.rel                                [ wordle ]
subrutinaswordle.rel                      [ subrutinaswordle ]
diccionario.rel                           [ diccionario ]


