ASxxxx Linker V05.00,  page 1.
Hexidecimal  [16-Bits]

Area                       Addr        Size        Decimal Bytes (Attributes)
--------------------       ----        ----        ------- ----- ------------
.  .ABS.                   0000        0000 =           0. bytes (ABS,OVR,CSEG)

         Value  Global                             Global Defined In Module
         -----  --------------------------------   ------------------------
          0000  l__DATA                         
          0000  s__DATA                         
          0000  s__CODE                         
          0000  .__.ABS.                           wordle
          0000  l_FIJA                          
          0000  s_FIJA                          
          04B0  l__CODE                         

ASxxxx Linker V05.00,  page 2.
Hexidecimal  [16-Bits]
[ Bank == _CSEG ]

Area                       Addr        Size        Decimal Bytes (Attributes)
--------------------       ----        ----        ------- ----- ------------
_CODE                      0000        04B0 =        1200. bytes (REL,CON,CSEG)

         Value  Global                             Global Defined In Module
         -----  --------------------------------   ------------------------
          0144  wordle                             wordle
          017E  juego                              wordle
          0187  pedir_palabra                      wordle
          019A  acabar                             wordle
          0291  imprime_cadena                     subrutinaswordle
          029F  contador                           subrutinaswordle
          02B6  convertir                          subrutinaswordle
          02BC  incrementa_a                       subrutinaswordle
          02C1  salir_bucle                        subrutinaswordle
          02C7  lee_cadena_n                       subrutinaswordle
          0350  comprueba                          subrutinaswordle
          037C  inicio                             subrutinaswordle
          03FD  presentar_diccionario              diccionario
          041A  palabras                           diccionario
          048D  numero_palabras                    diccionario
          0499  return_c                           diccionario
ASxxxx Linker V05.00,  page 3.

Files Linked                              [ module(s) ]

wordle.rel                                [ wordle ]
subrutinaswordle.rel                      [ subrutinaswordle ]
diccionario.rel                           [ diccionario ]


